.class private abstract auto ansi sealed beforefieldinit Costura.AssemblyLoader
       extends [mscorlib]System.Object
{
  .custom instance void [mscorlib]System.Runtime.CompilerServices.CompilerGeneratedAttribute::.ctor() = ( 01 00 00 00 ) 
  .class auto ansi serializable sealed nested private beforefieldinit '<>c'
         extends [mscorlib]System.Object
  {
    .field public static initonly class Costura.AssemblyLoader/'<>c' '<>9'
    .field public static class [mscorlib]System.ResolveEventHandler '<>9__3_0'
    .method private hidebysig specialname rtspecialname static 
            void  .cctor() cil managed
    {
      // Code size       11 (0xb)
      .maxstack  8
      IL_0000:  newobj     instance void Costura.AssemblyLoader/'<>c'::.ctor()
      IL_0005:  stsfld     class Costura.AssemblyLoader/'<>c' Costura.AssemblyLoader/'<>c'::'<>9'
      IL_000a:  ret
    } // end of method '<>c'::.cctor
    .method public hidebysig specialname rtspecialname 
            instance void  .ctor() cil managed
    {
      // Code size       8 (0x8)
      .maxstack  8
      IL_0000:  ldarg.0
      IL_0001:  call       instance void [mscorlib]System.Object::.ctor()
      IL_0006:  nop
      IL_0007:  ret
    } // end of method '<>c'::.ctor
    .method assembly hidebysig instance class [mscorlib]System.Reflection.Assembly 
            '<Attach>b__3_0'(object s,
                             class [mscorlib]System.ResolveEventArgs e) cil managed
    {
      // Code size       12 (0xc)
      .maxstack  8
      .language '{3F5162F8-07C6-11D3-9053-00C04FA302A1}', '{994B45C4-E6E9-11D2-903F-00C04FA302A1}', '{5A869D0B-6611-11D3-BD2A-0000F80849BD}'
      .line 15,15 : 52,75 'AssemblyToProcessWithoutUnmanagedIndirectReferences\\bin\\Debug\\ILTemplate.cs'
      IL_0000:  ldarg.2
      IL_0001:  callvirt   instance string [mscorlib]System.ResolveEventArgs::get_Name()
      IL_0006:  call       class [mscorlib]System.Reflection.Assembly Costura.AssemblyLoader::ResolveAssembly(string)
      IL_000b:  ret
    } // end of method '<>c'::'<Attach>b__3_0'
  } // end of class '<>c'
  .field private static initonly class [mscorlib]System.Collections.Generic.Dictionary`2<string,bool> nullCache
  .field private static initonly class [mscorlib]System.Collections.Generic.Dictionary`2<string,string> assemblyNames
  .field private static initonly class [mscorlib]System.Collections.Generic.Dictionary`2<string,string> symbolNames
  .method public hidebysig static class [mscorlib]System.Reflection.Assembly 
          ResolveAssembly(string assemblyName) cil managed
  {
    // Code size       147 (0x93)
    .maxstack  5
    .locals init ([0] class [mscorlib]System.Reflection.AssemblyName requestedAssemblyName,
             [1] class [mscorlib]System.Reflection.Assembly 'assembly',
             [2] bool ,
             [3] class [mscorlib]System.Reflection.Assembly V_3,
             [4] bool V_4,
             [5] bool V_5,
             [6] bool V_6)
    .line 19,19 : 5,6 ''
    IL_0000:  nop
    .line 20,20 : 9,49 ''
    IL_0001:  ldsfld     class [mscorlib]System.Collections.Generic.Dictionary`2<string,bool> Costura.AssemblyLoader::nullCache
    IL_0006:  ldarg.0
    IL_0007:  callvirt   instance bool class [mscorlib]System.Collections.Generic.Dictionary`2<string,bool>::ContainsKey(!0)
    IL_000c:  stloc.2
    .line 16707566,16707566 : 0,0 ''
    IL_000d:  ldloc.2
    IL_000e:  brfalse.s  IL_0015
    .line 21,21 : 9,10 ''
    IL_0010:  nop
    .line 22,22 : 13,25 ''
    IL_0011:  ldnull
    IL_0012:  stloc.3
    IL_0013:  br.s       IL_0091
    .line 25,25 : 9,68 ''
    IL_0015:  ldarg.0
    IL_0016:  newobj     instance void [mscorlib]System.Reflection.AssemblyName::.ctor(string)
    IL_001b:  stloc.0
    .line 27,27 : 9,75 ''
    IL_001c:  ldloc.0
    IL_001d:  call       class [mscorlib]System.Reflection.Assembly Costura.AssemblyLoader::ReadExistingAssembly(class [mscorlib]System.Reflection.AssemblyName)
    IL_0022:  stloc.1
    .line 28,28 : 9,30 ''
    IL_0023:  ldloc.1
    IL_0024:  ldnull
    IL_0025:  cgt.un
    IL_0027:  stloc.s    V_4
    .line 16707566,16707566 : 0,0 ''
    IL_0029:  ldloc.s    V_4
    IL_002b:  brfalse.s  IL_0032
    .line 29,29 : 9,10 ''
    IL_002d:  nop
    .line 30,30 : 13,29 ''
    IL_002e:  ldloc.1
    IL_002f:  stloc.3
    IL_0030:  br.s       IL_0091
    .line 33,33 : 9,88 ''
    IL_0032:  ldstr      "Loading assembly '{0}' into the AppDomain"
    IL_0037:  ldc.i4.1
    IL_0038:  newarr     [mscorlib]System.Object
    IL_003d:  dup
    IL_003e:  ldc.i4.0
    IL_003f:  ldloc.0
    IL_0040:  stelem.ref
    IL_0041:  call       void Costura.AssemblyLoader::Log(string,
                                                          object[])
    IL_0046:  nop
    .line 35,35 : 9,104 ''
    IL_0047:  ldsfld     class [mscorlib]System.Collections.Generic.Dictionary`2<string,string> Costura.AssemblyLoader::assemblyNames
    IL_004c:  ldsfld     class [mscorlib]System.Collections.Generic.Dictionary`2<string,string> Costura.AssemblyLoader::symbolNames
    IL_0051:  ldloc.0
    IL_0052:  call       class [mscorlib]System.Reflection.Assembly Costura.AssemblyLoader::ReadFromEmbeddedResources(class [mscorlib]System.Collections.Generic.Dictionary`2<string,string>,
                                                                                                                      class [mscorlib]System.Collections.Generic.Dictionary`2<string,string>,
                                                                                                                      class [mscorlib]System.Reflection.AssemblyName)
    IL_0057:  stloc.1
    .line 36,36 : 9,30 ''
    IL_0058:  ldloc.1
    IL_0059:  ldnull
    IL_005a:  ceq
    IL_005c:  stloc.s    V_5
    .line 16707566,16707566 : 0,0 ''
    IL_005e:  ldloc.s    V_5
    IL_0060:  brfalse.s  IL_008d
    .line 37,37 : 9,10 ''
    IL_0062:  nop
    .line 38,38 : 13,47 ''
    IL_0063:  ldsfld     class [mscorlib]System.Collections.Generic.Dictionary`2<string,bool> Costura.AssemblyLoader::nullCache
    IL_0068:  ldarg.0
    IL_0069:  ldc.i4.1
    IL_006a:  callvirt   instance void class [mscorlib]System.Collections.Generic.Dictionary`2<string,bool>::Add(!0,
                                                                                                                 !1)
    IL_006f:  nop
    .line 41,41 : 13,79 ''
    IL_0070:  ldloc.0
    IL_0071:  callvirt   instance valuetype [mscorlib]System.Reflection.AssemblyNameFlags [mscorlib]System.Reflection.AssemblyName::get_Flags()
    IL_0076:  ldc.i4     0x100
    IL_007b:  ceq
    IL_007d:  stloc.s    V_6
    .line 16707566,16707566 : 0,0 ''
    IL_007f:  ldloc.s    V_6
    IL_0081:  brfalse.s  IL_008c
    .line 42,42 : 13,14 ''
    IL_0083:  nop
    .line 43,43 : 17,65 ''
    IL_0084:  ldloc.0
    IL_0085:  call       class [mscorlib]System.Reflection.Assembly [mscorlib]System.Reflection.Assembly::Load(class [mscorlib]System.Reflection.AssemblyName)
    IL_008a:  stloc.1
    .line 44,44 : 13,14 ''
    IL_008b:  nop
    .line 45,45 : 9,10 ''
    IL_008c:  nop
    .line 46,46 : 9,25 ''
    IL_008d:  ldloc.1
    IL_008e:  stloc.3
    IL_008f:  br.s       IL_0091
    .line 47,47 : 5,6 ''
    IL_0091:  ldloc.3
    IL_0092:  ret
  } // end of method AssemblyLoader::ResolveAssembly
  .method private hidebysig static string 
          CultureToString(class [mscorlib]System.Globalization.CultureInfo culture) cil managed
  {
    // Code size       28 (0x1c)
    .maxstack  2
    .locals init ([0] bool ,
             [1] string V_1)
    .line 96,96 : 5,6 'AssemblyToProcessWithoutUnmanagedIndirectReferences\\bin\\Debug\\Common.cs'
    IL_0000:  nop
    .line 97,97 : 9,29 ''
    IL_0001:  ldarg.0
    IL_0002:  ldnull
    IL_0003:  ceq
    IL_0005:  stloc.0
    .line 16707566,16707566 : 0,0 ''
    IL_0006:  ldloc.0
    IL_0007:  brfalse.s  IL_0011
    .line 98,98 : 13,23 ''
    IL_0009:  ldstr      ""
    IL_000e:  stloc.1
    IL_000f:  br.s       IL_001a
    .line 100,100 : 9,29 ''
    IL_0011:  ldarg.0
    IL_0012:  callvirt   instance string [mscorlib]System.Globalization.CultureInfo::get_Name()
    IL_0017:  stloc.1
    IL_0018:  br.s       IL_001a
    .line 101,101 : 5,6 ''
    IL_001a:  ldloc.1
    IL_001b:  ret
  } // end of method AssemblyLoader::CultureToString
  .method private hidebysig static void  Log(string format,
                                             object[] args) cil managed
  {
    // Code size       25 (0x19)
    .maxstack  8
    .line 31,31 : 5,6 ''
    IL_0000:  nop
    .line 33,33 : 9,75 ''
    IL_0001:  ldstr      "=== COSTURA === "
    IL_0006:  ldarg.0
    IL_0007:  ldarg.1
    IL_0008:  call       string [mscorlib]System.String::Format(string,
                                                                object[])
    IL_000d:  call       string [mscorlib]System.String::Concat(string,
                                                                string)
    IL_0012:  call       void [System]System.Diagnostics.Debug::WriteLine(string)
    IL_0017:  nop
    .line 34,34 : 5,6 ''
    IL_0018:  ret
  } // end of method AssemblyLoader::Log
  .method private hidebysig static class [mscorlib]System.Reflection.Assembly 
          ReadExistingAssembly(class [mscorlib]System.Reflection.AssemblyName name) cil managed
  {
    // Code size       148 (0x94)
    .maxstack  5
    .locals init ([0] class [mscorlib]System.AppDomain currentDomain,
             [1] class [mscorlib]System.Reflection.Assembly[] assemblies,
             [2] class [mscorlib]System.Reflection.Assembly[] ,
             [3] int32 V_3,
             [4] class [mscorlib]System.Reflection.Assembly 'assembly',
             [5] class [mscorlib]System.Reflection.AssemblyName currentName,
             [6] bool V_6,
             [7] class [mscorlib]System.Reflection.Assembly V_7)
    .line 78,78 : 5,6 ''
    IL_0000:  nop
    .line 79,79 : 9,53 ''
    IL_0001:  call       class [mscorlib]System.AppDomain [mscorlib]System.AppDomain::get_CurrentDomain()
    IL_0006:  stloc.0
    .line 80,80 : 9,56 ''
    IL_0007:  ldloc.0
    IL_0008:  callvirt   instance class [mscorlib]System.Reflection.Assembly[] [mscorlib]System.AppDomain::GetAssemblies()
    IL_000d:  stloc.1
    .line 81,81 : 9,16 ''
    IL_000e:  nop
    .line 81,81 : 34,44 ''
    IL_000f:  ldloc.1
    IL_0010:  stloc.2
    IL_0011:  ldc.i4.0
    IL_0012:  stloc.3
    .line 16707566,16707566 : 0,0 ''
    IL_0013:  br.s       IL_0086
    .line 81,81 : 18,30 ''
    IL_0015:  ldloc.2
    IL_0016:  ldloc.3
    IL_0017:  ldelem.ref
    IL_0018:  stloc.s    'assembly'
    .line 82,82 : 9,10 ''
    IL_001a:  nop
    .line 83,83 : 13,50 ''
    IL_001b:  ldloc.s    'assembly'
    IL_001d:  callvirt   instance class [mscorlib]System.Reflection.AssemblyName [mscorlib]System.Reflection.Assembly::GetName()
    IL_0022:  stloc.s    currentName
    .line 84,85 : 13,153 ''
    IL_0024:  ldloc.s    currentName
    IL_0026:  callvirt   instance string [mscorlib]System.Reflection.AssemblyName::get_Name()
    IL_002b:  ldarg.0
    IL_002c:  callvirt   instance string [mscorlib]System.Reflection.AssemblyName::get_Name()
    IL_0031:  ldc.i4.3
    IL_0032:  call       bool [mscorlib]System.String::Equals(string,
                                                              string,
                                                              valuetype [mscorlib]System.StringComparison)
    IL_0037:  brfalse.s  IL_0058
    IL_0039:  ldloc.s    currentName
    IL_003b:  callvirt   instance class [mscorlib]System.Globalization.CultureInfo [mscorlib]System.Reflection.AssemblyName::get_CultureInfo()
    IL_0040:  call       string Costura.AssemblyLoader::CultureToString(class [mscorlib]System.Globalization.CultureInfo)
    IL_0045:  ldarg.0
    IL_0046:  callvirt   instance class [mscorlib]System.Globalization.CultureInfo [mscorlib]System.Reflection.AssemblyName::get_CultureInfo()
    IL_004b:  call       string Costura.AssemblyLoader::CultureToString(class [mscorlib]System.Globalization.CultureInfo)
    IL_0050:  ldc.i4.3
    IL_0051:  call       bool [mscorlib]System.String::Equals(string,
                                                              string,
                                                              valuetype [mscorlib]System.StringComparison)
    IL_0056:  br.s       IL_0059
    IL_0058:  ldc.i4.0
    IL_0059:  stloc.s    V_6
    .line 16707566,16707566 : 0,0 ''
    IL_005b:  ldloc.s    V_6
    IL_005d:  brfalse.s  IL_0081
    .line 86,86 : 13,14 ''
    IL_005f:  nop
    .line 87,87 : 17,102 ''
    IL_0060:  ldstr      "Assembly '{0}' already loaded, returning existing "
    + "assembly"
    IL_0065:  ldc.i4.1
    IL_0066:  newarr     [mscorlib]System.Object
    IL_006b:  dup
    IL_006c:  ldc.i4.0
    IL_006d:  ldloc.s    'assembly'
    IL_006f:  callvirt   instance string [mscorlib]System.Reflection.Assembly::get_FullName()
    IL_0074:  stelem.ref
    IL_0075:  call       void Costura.AssemblyLoader::Log(string,
                                                          object[])
    IL_007a:  nop
    .line 89,89 : 17,33 ''
    IL_007b:  ldloc.s    'assembly'
    IL_007d:  stloc.s    V_7
    IL_007f:  br.s       IL_0091
    .line 91,91 : 9,10 ''
    IL_0081:  nop
    .line 16707566,16707566 : 0,0 ''
    IL_0082:  ldloc.3
    IL_0083:  ldc.i4.1
    IL_0084:  add
    IL_0085:  stloc.3
    .line 81,81 : 31,33 ''
    IL_0086:  ldloc.3
    IL_0087:  ldloc.2
    IL_0088:  ldlen
    IL_0089:  conv.i4
    IL_008a:  blt.s      IL_0015
    .line 92,92 : 9,21 ''
    IL_008c:  ldnull
    IL_008d:  stloc.s    V_7
    IL_008f:  br.s       IL_0091
    .line 93,93 : 5,6 ''
    IL_0091:  ldloc.s    V_7
    IL_0093:  ret
  } // end of method AssemblyLoader::ReadExistingAssembly
  .method private hidebysig static void  CopyTo(class [mscorlib]System.IO.Stream source,
                                                class [mscorlib]System.IO.Stream destination) cil managed
  {
    // Code size       47 (0x2f)
    .maxstack  4
    .locals init ([0] uint8[] 'array',
             [1] int32 count,
             [2] bool )
    .line 37,37 : 5,6 ''
    IL_0000:  nop
    .line 38,38 : 9,37 ''
    IL_0001:  ldc.i4     0x14000
    IL_0006:  newarr     [mscorlib]System.Byte
    IL_000b:  stloc.0
    .line 16707566,16707566 : 0,0 ''
    IL_000c:  br.s       IL_001a
    .line 41,41 : 9,10 ''
    IL_000e:  nop
    .line 42,42 : 13,48 ''
    IL_000f:  ldarg.1
    IL_0010:  ldloc.0
    IL_0011:  ldc.i4.0
    IL_0012:  ldloc.1
    IL_0013:  callvirt   instance void [mscorlib]System.IO.Stream::Write(uint8[],
                                                                         int32,
                                                                         int32)
    IL_0018:  nop
    .line 43,43 : 9,10 ''
    IL_0019:  nop
    .line 40,40 : 9,67 ''
    IL_001a:  ldarg.0
    IL_001b:  ldloc.0
    IL_001c:  ldc.i4.0
    IL_001d:  ldloc.0
    IL_001e:  ldlen
    IL_001f:  conv.i4
    IL_0020:  callvirt   instance int32 [mscorlib]System.IO.Stream::Read(uint8[],
                                                                         int32,
                                                                         int32)
    IL_0025:  dup
    IL_0026:  stloc.1
    IL_0027:  ldc.i4.0
    IL_0028:  cgt.un
    IL_002a:  stloc.2
    .line 16707566,16707566 : 0,0 ''
    IL_002b:  ldloc.2
    IL_002c:  brtrue.s   IL_000e
    .line 44,44 : 5,6 ''
    IL_002e:  ret
  } // end of method AssemblyLoader::CopyTo
  .method private hidebysig static class [mscorlib]System.IO.Stream 
          LoadStream(string fullname) cil managed
  {
    // Code size       108 (0x6c)
    .maxstack  2
    .locals init ([0] class [mscorlib]System.Reflection.Assembly executingAssembly,
             [1] bool ,
             [2] class [mscorlib]System.IO.Stream 'stream',
             [3] class [System]System.IO.Compression.DeflateStream compressStream,
             [4] class [mscorlib]System.IO.MemoryStream memStream,
             [5] class [mscorlib]System.IO.Stream V_5)
    .line 173,173 : 5,6 ''
    IL_0000:  nop
    .line 174,174 : 9,65 ''
    IL_0001:  call       class [mscorlib]System.Reflection.Assembly [mscorlib]System.Reflection.Assembly::GetExecutingAssembly()
    IL_0006:  stloc.0
    .line 176,176 : 9,39 ''
    IL_0007:  ldarg.0
    IL_0008:  ldstr      ".zip"
    IL_000d:  callvirt   instance bool [mscorlib]System.String::EndsWith(string)
    IL_0012:  stloc.1
    .line 16707566,16707566 : 0,0 ''
    IL_0013:  ldloc.1
    IL_0014:  brfalse.s  IL_005e
    .line 177,177 : 9,10 ''
    IL_0016:  nop
    .line 178,178 : 20,86 ''
    IL_0017:  ldloc.0
    IL_0018:  ldarg.0
    IL_0019:  callvirt   instance class [mscorlib]System.IO.Stream [mscorlib]System.Reflection.Assembly::GetManifestResourceStream(string)
    IL_001e:  stloc.2
    .line 179,179 : 20,94 ''
    .try
    {
      IL_001f:  ldloc.2
      IL_0020:  ldc.i4.0
      IL_0021:  newobj     instance void [System]System.IO.Compression.DeflateStream::.ctor(class [mscorlib]System.IO.Stream,
                                                                                            valuetype [System]System.IO.Compression.CompressionMode)
      IL_0026:  stloc.3
      .line 180,180 : 13,14 ''
      .try
      {
        IL_0027:  nop
        .line 181,181 : 17,52 ''
        IL_0028:  newobj     instance void [mscorlib]System.IO.MemoryStream::.ctor()
        IL_002d:  stloc.s    memStream
        .line 182,182 : 17,51 ''
        IL_002f:  ldloc.3
        IL_0030:  ldloc.s    memStream
        IL_0032:  call       void Costura.AssemblyLoader::CopyTo(class [mscorlib]System.IO.Stream,
                                                                 class [mscorlib]System.IO.Stream)
        IL_0037:  nop
        .line 183,183 : 17,40 ''
        IL_0038:  ldloc.s    memStream
        IL_003a:  ldc.i4.0
        IL_003b:  conv.i8
        IL_003c:  callvirt   instance void [mscorlib]System.IO.Stream::set_Position(int64)
        IL_0041:  nop
        .line 184,184 : 17,34 ''
        IL_0042:  ldloc.s    memStream
        IL_0044:  stloc.s    V_5
        IL_0046:  leave.s    IL_0069
        .line 16707566,16707566 : 0,0 ''
      }  // end .try
      finally
      {
        IL_0048:  ldloc.3
        IL_0049:  brfalse.s  IL_0052
        IL_004b:  ldloc.3
        IL_004c:  callvirt   instance void [mscorlib]System.IDisposable::Dispose()
        IL_0051:  nop
        IL_0052:  endfinally
        .line 16707566,16707566 : 0,0 ''
      }  // end handler
    }  // end .try
    finally
    {
      IL_0053:  ldloc.2
      IL_0054:  brfalse.s  IL_005d
      IL_0056:  ldloc.2
      IL_0057:  callvirt   instance void [mscorlib]System.IDisposable::Dispose()
      IL_005c:  nop
      IL_005d:  endfinally
      .line 188,188 : 9,70 ''
    }  // end handler
    IL_005e:  ldloc.0
    IL_005f:  ldarg.0
    IL_0060:  callvirt   instance class [mscorlib]System.IO.Stream [mscorlib]System.Reflection.Assembly::GetManifestResourceStream(string)
    IL_0065:  stloc.s    V_5
    IL_0067:  br.s       IL_0069
    .line 189,189 : 5,6 ''
    IL_0069:  ldloc.s    V_5
    IL_006b:  ret
  } // end of method AssemblyLoader::LoadStream
  .method private hidebysig static class [mscorlib]System.IO.Stream 
          LoadStream(class [mscorlib]System.Collections.Generic.Dictionary`2<string,string> resourceNames,
                     string name) cil managed
  {
    // Code size       29 (0x1d)
    .maxstack  3
    .locals init ([0] string 'value',
             [1] bool ,
             [2] class [mscorlib]System.IO.Stream V_2)
    .line 164,164 : 5,6 ''
    IL_0000:  nop
    .line 166,166 : 9,56 ''
    IL_0001:  ldarg.0
    IL_0002:  ldarg.1
    IL_0003:  ldloca.s   'value'
    IL_0005:  callvirt   instance bool class [mscorlib]System.Collections.Generic.Dictionary`2<string,string>::TryGetValue(!0,
                                                                                                                           !1&)
    IL_000a:  stloc.1
    .line 16707566,16707566 : 0,0 ''
    IL_000b:  ldloc.1
    IL_000c:  brfalse.s  IL_0017
    .line 167,167 : 13,38 ''
    IL_000e:  ldloc.0
    IL_000f:  call       class [mscorlib]System.IO.Stream Costura.AssemblyLoader::LoadStream(string)
    IL_0014:  stloc.2
    IL_0015:  br.s       IL_001b
    .line 169,169 : 9,21 ''
    IL_0017:  ldnull
    IL_0018:  stloc.2
    IL_0019:  br.s       IL_001b
    .line 170,170 : 5,6 ''
    IL_001b:  ldloc.2
    IL_001c:  ret
  } // end of method AssemblyLoader::LoadStream
  .method private hidebysig static uint8[] 
          ReadStream(class [mscorlib]System.IO.Stream 'stream') cil managed
  {
    // Code size       32 (0x20)
    .maxstack  4
    .locals init ([0] uint8[] data,
             [1] uint8[] )
    .line 55,55 : 5,6 ''
    IL_0000:  nop
    .line 56,56 : 9,44 ''
    IL_0001:  ldarg.0
    IL_0002:  callvirt   instance int64 [mscorlib]System.IO.Stream::get_Length()
    IL_0007:  conv.ovf.i
    IL_0008:  newarr     [mscorlib]System.Byte
    IL_000d:  stloc.0
    .line 57,57 : 9,43 ''
    IL_000e:  ldarg.0
    IL_000f:  ldloc.0
    IL_0010:  ldc.i4.0
    IL_0011:  ldloc.0
    IL_0012:  ldlen
    IL_0013:  conv.i4
    IL_0014:  callvirt   instance int32 [mscorlib]System.IO.Stream::Read(uint8[],
                                                                         int32,
                                                                         int32)
    IL_0019:  pop
    .line 58,58 : 9,21 ''
    IL_001a:  ldloc.0
    IL_001b:  stloc.1
    IL_001c:  br.s       IL_001e
    .line 59,59 : 5,6 ''
    IL_001e:  ldloc.1
    IL_001f:  ret
  } // end of method AssemblyLoader::ReadStream
  .method private hidebysig static class [mscorlib]System.Reflection.Assembly 
          ReadFromEmbeddedResources(class [mscorlib]System.Collections.Generic.Dictionary`2<string,string> assemblyNames,
                                    class [mscorlib]System.Collections.Generic.Dictionary`2<string,string> symbolNames,
                                    class [mscorlib]System.Reflection.AssemblyName requestedAssemblyName) cil managed
  {
    // Code size       188 (0xbc)
    .maxstack  3
    .locals init ([0] string name,
             [1] uint8[] assemblyData,
             [2] bool ,
             [3] class [mscorlib]System.IO.Stream assemblyStream,
             [4] bool V_4,
             [5] class [mscorlib]System.Reflection.Assembly V_5,
             [6] class [mscorlib]System.IO.Stream pdbStream,
             [7] bool V_7,
             [8] uint8[] pdbData)
    .line 135,135 : 5,6 ''
    IL_0000:  nop
    .line 136,136 : 9,66 ''
    IL_0001:  ldarg.2
    IL_0002:  callvirt   instance string [mscorlib]System.Reflection.AssemblyName::get_Name()
    IL_0007:  callvirt   instance string [mscorlib]System.String::ToLowerInvariant()
    IL_000c:  stloc.0
    .line 138,138 : 9,120 ''
    IL_000d:  ldarg.2
    IL_000e:  callvirt   instance class [mscorlib]System.Globalization.CultureInfo [mscorlib]System.Reflection.AssemblyName::get_CultureInfo()
    IL_0013:  brfalse.s  IL_002a
    IL_0015:  ldarg.2
    IL_0016:  callvirt   instance class [mscorlib]System.Globalization.CultureInfo [mscorlib]System.Reflection.AssemblyName::get_CultureInfo()
    IL_001b:  callvirt   instance string [mscorlib]System.Globalization.CultureInfo::get_Name()
    IL_0020:  call       bool [mscorlib]System.String::IsNullOrEmpty(string)
    IL_0025:  ldc.i4.0
    IL_0026:  ceq
    IL_0028:  br.s       IL_002b
    IL_002a:  ldc.i4.0
    IL_002b:  stloc.2
    .line 16707566,16707566 : 0,0 ''
    IL_002c:  ldloc.2
    IL_002d:  brfalse.s  IL_0046
    .line 139,139 : 13,91 ''
    IL_002f:  ldstr      "{0}.{1}"
    IL_0034:  ldarg.2
    IL_0035:  callvirt   instance class [mscorlib]System.Globalization.CultureInfo [mscorlib]System.Reflection.AssemblyName::get_CultureInfo()
    IL_003a:  callvirt   instance string [mscorlib]System.Globalization.CultureInfo::get_Name()
    IL_003f:  ldloc.0
    IL_0040:  call       string [mscorlib]System.String::Format(string,
                                                                object,
                                                                object)
    IL_0045:  stloc.0
    .line 142,142 : 16,68 ''
    IL_0046:  ldarg.0
    IL_0047:  ldloc.0
    IL_0048:  call       class [mscorlib]System.IO.Stream Costura.AssemblyLoader::LoadStream(class [mscorlib]System.Collections.Generic.Dictionary`2<string,string>,
                                                                                             string)
    IL_004d:  stloc.3
    .line 143,143 : 9,10 ''
    .try
    {
      IL_004e:  nop
      .line 144,144 : 13,40 ''
      IL_004f:  ldloc.3
      IL_0050:  ldnull
      IL_0051:  ceq
      IL_0053:  stloc.s    V_4
      .line 16707566,16707566 : 0,0 ''
      IL_0055:  ldloc.s    V_4
      IL_0057:  brfalse.s  IL_005f
      .line 145,145 : 13,14 ''
      IL_0059:  nop
      .line 146,146 : 17,29 ''
      IL_005a:  ldnull
      IL_005b:  stloc.s    V_5
      IL_005d:  leave.s    IL_00b9
      .line 148,148 : 13,55 ''
      IL_005f:  ldloc.3
      IL_0060:  call       uint8[] Costura.AssemblyLoader::ReadStream(class [mscorlib]System.IO.Stream)
      IL_0065:  stloc.1
      .line 149,149 : 9,10 ''
      IL_0066:  nop
      IL_0067:  leave.s    IL_0074
      .line 16707566,16707566 : 0,0 ''
    }  // end .try
    finally
    {
      IL_0069:  ldloc.3
      IL_006a:  brfalse.s  IL_0073
      IL_006c:  ldloc.3
      IL_006d:  callvirt   instance void [mscorlib]System.IDisposable::Dispose()
      IL_0072:  nop
      IL_0073:  endfinally
      .line 151,151 : 16,61 ''
    }  // end handler
    IL_0074:  ldarg.1
    IL_0075:  ldloc.0
    IL_0076:  call       class [mscorlib]System.IO.Stream Costura.AssemblyLoader::LoadStream(class [mscorlib]System.Collections.Generic.Dictionary`2<string,string>,
                                                                                             string)
    IL_007b:  stloc.s    pdbStream
    .line 152,152 : 9,10 ''
    .try
    {
      IL_007d:  nop
      .line 153,153 : 13,35 ''
      IL_007e:  ldloc.s    pdbStream
      IL_0080:  ldnull
      IL_0081:  cgt.un
      IL_0083:  stloc.s    V_7
      .line 16707566,16707566 : 0,0 ''
      IL_0085:  ldloc.s    V_7
      IL_0087:  brfalse.s  IL_009f
      .line 154,154 : 13,14 ''
      IL_0089:  nop
      .line 155,155 : 17,53 ''
      IL_008a:  ldloc.s    pdbStream
      IL_008c:  call       uint8[] Costura.AssemblyLoader::ReadStream(class [mscorlib]System.IO.Stream)
      IL_0091:  stloc.s    pdbData
      .line 156,156 : 17,61 ''
      IL_0093:  ldloc.1
      IL_0094:  ldloc.s    pdbData
      IL_0096:  call       class [mscorlib]System.Reflection.Assembly [mscorlib]System.Reflection.Assembly::Load(uint8[],
                                                                                                                 uint8[])
      IL_009b:  stloc.s    V_5
      IL_009d:  leave.s    IL_00b9
      .line 158,158 : 9,10 ''
      IL_009f:  nop
      IL_00a0:  leave.s    IL_00af
      .line 16707566,16707566 : 0,0 ''
    }  // end .try
    finally
    {
      IL_00a2:  ldloc.s    pdbStream
      IL_00a4:  brfalse.s  IL_00ae
      IL_00a6:  ldloc.s    pdbStream
      IL_00a8:  callvirt   instance void [mscorlib]System.IDisposable::Dispose()
      IL_00ad:  nop
      IL_00ae:  endfinally
      .line 160,160 : 9,44 ''
    }  // end handler
    IL_00af:  ldloc.1
    IL_00b0:  call       class [mscorlib]System.Reflection.Assembly [mscorlib]System.Reflection.Assembly::Load(uint8[])
    IL_00b5:  stloc.s    V_5
    IL_00b7:  br.s       IL_00b9
    .line 161,161 : 5,6 ''
    IL_00b9:  ldloc.s    V_5
    IL_00bb:  ret
  } // end of method AssemblyLoader::ReadFromEmbeddedResources
  .method private hidebysig specialname rtspecialname static 
          void  .cctor() cil managed
  {
    // Code size       151 (0x97)
    .maxstack  3
    .line 7,7 : 5,89 'AssemblyToProcessWithoutUnmanagedIndirectReferences\\bin\\Debug\\ILTemplate.cs'
    IL_0000:  newobj     instance void class [mscorlib]System.Collections.Generic.Dictionary`2<string,bool>::.ctor()
    IL_0005:  stsfld     class [mscorlib]System.Collections.Generic.Dictionary`2<string,bool> Costura.AssemblyLoader::nullCache
    .line 9,9 : 5,97 ''
    IL_000a:  newobj     instance void class [mscorlib]System.Collections.Generic.Dictionary`2<string,string>::.ctor()
    IL_000f:  stsfld     class [mscorlib]System.Collections.Generic.Dictionary`2<string,string> Costura.AssemblyLoader::assemblyNames
    .line 10,10 : 5,95 ''
    IL_0014:  newobj     instance void class [mscorlib]System.Collections.Generic.Dictionary`2<string,string>::.ctor()
    IL_0019:  stsfld     class [mscorlib]System.Collections.Generic.Dictionary`2<string,string> Costura.AssemblyLoader::symbolNames
    IL_001e:  ldsfld     class [mscorlib]System.Collections.Generic.Dictionary`2<string,string> Costura.AssemblyLoader::assemblyNames
    IL_0023:  ldstr      "assemblytoindirectreference"
    IL_0028:  ldstr      "costura.assemblytoindirectreference.dll.zip"
    IL_002d:  callvirt   instance void class [mscorlib]System.Collections.Generic.Dictionary`2<string,string>::Add(!0,
                                                                                                                   !1)
    IL_0032:  ldsfld     class [mscorlib]System.Collections.Generic.Dictionary`2<string,string> Costura.AssemblyLoader::symbolNames
    IL_0037:  ldstr      "assemblytoindirectreference"
    IL_003c:  ldstr      "costura.assemblytoindirectreference.pdb.zip"
    IL_0041:  callvirt   instance void class [mscorlib]System.Collections.Generic.Dictionary`2<string,string>::Add(!0,
                                                                                                                   !1)
    IL_0046:  ldsfld     class [mscorlib]System.Collections.Generic.Dictionary`2<string,string> Costura.AssemblyLoader::assemblyNames
    IL_004b:  ldstr      "assemblytoreference"
    IL_0050:  ldstr      "costura.assemblytoreference.dll.zip"
    IL_0055:  callvirt   instance void class [mscorlib]System.Collections.Generic.Dictionary`2<string,string>::Add(!0,
                                                                                                                   !1)
    IL_005a:  ldsfld     class [mscorlib]System.Collections.Generic.Dictionary`2<string,string> Costura.AssemblyLoader::symbolNames
    IL_005f:  ldstr      "assemblytoreference"
    IL_0064:  ldstr      "costura.assemblytoreference.pdb.zip"
    IL_0069:  callvirt   instance void class [mscorlib]System.Collections.Generic.Dictionary`2<string,string>::Add(!0,
                                                                                                                   !1)
    IL_006e:  ldsfld     class [mscorlib]System.Collections.Generic.Dictionary`2<string,string> Costura.AssemblyLoader::assemblyNames
    IL_0073:  ldstr      "de.assemblytoreference.resources"
    IL_0078:  ldstr      "costura.de.assemblytoreference.resources.dll.zip"
    IL_007d:  callvirt   instance void class [mscorlib]System.Collections.Generic.Dictionary`2<string,string>::Add(!0,
                                                                                                                   !1)
    IL_0082:  ldsfld     class [mscorlib]System.Collections.Generic.Dictionary`2<string,string> Costura.AssemblyLoader::assemblyNames
    IL_0087:  ldstr      "fr.assemblytoreference.resources"
    IL_008c:  ldstr      "costura.fr.assemblytoreference.resources.dll.zip"
    IL_0091:  callvirt   instance void class [mscorlib]System.Collections.Generic.Dictionary`2<string,string>::Add(!0,
                                                                                                                   !1)
    IL_0096:  ret
  } // end of method AssemblyLoader::.cctor
  .method public hidebysig static void  Attach() cil managed
  {
    // Code size       46 (0x2e)
    .maxstack  3
    .locals init ([0] class [mscorlib]System.AppDomain currentDomain)
    .line 13,13 : 5,6 ''
    IL_0000:  nop
    .line 14,14 : 9,53 ''
    IL_0001:  call       class [mscorlib]System.AppDomain [mscorlib]System.AppDomain::get_CurrentDomain()
    IL_0006:  stloc.0
    .line 15,15 : 9,76 ''
    IL_0007:  ldloc.0
    IL_0008:  ldsfld     class [mscorlib]System.ResolveEventHandler Costura.AssemblyLoader/'<>c'::'<>9__3_0'
    IL_000d:  dup
    IL_000e:  brtrue.s   IL_0027
    IL_0010:  pop
    IL_0011:  ldsfld     class Costura.AssemblyLoader/'<>c' Costura.AssemblyLoader/'<>c'::'<>9'
    IL_0016:  ldftn      instance class [mscorlib]System.Reflection.Assembly Costura.AssemblyLoader/'<>c'::'<Attach>b__3_0'(object,
                                                                                                                            class [mscorlib]System.ResolveEventArgs)
    IL_001c:  newobj     instance void [mscorlib]System.ResolveEventHandler::.ctor(object,
                                                                                   native int)
    IL_0021:  dup
    IL_0022:  stsfld     class [mscorlib]System.ResolveEventHandler Costura.AssemblyLoader/'<>c'::'<>9__3_0'
    IL_0027:  callvirt   instance void [mscorlib]System.AppDomain::add_AssemblyResolve(class [mscorlib]System.ResolveEventHandler)
    IL_002c:  nop
    .line 16,16 : 5,6 ''
    IL_002d:  ret
  } // end of method AssemblyLoader::Attach
} // end of class Costura.AssemblyLoader